127.0.0.1 - - [21/Jul/2022:11:43:30 +0700] "GET / HTTP/1.1" 404 751
127.0.0.1 - - [21/Jul/2022:13:48:40 +0700] "GET / HTTP/1.1" 404 751
0:0:0:0:0:0:0:1 - - [21/Jul/2022:13:49:13 +0700] "GET /HelloServlet/xin-chao HTTP/1.1" 200 11
0:0:0:0:0:0:0:1 - - [21/Jul/2022:13:49:13 +0700] "GET /favicon.ico HTTP/1.1" 404 684
127.0.0.1 - - [21/Jul/2022:14:02:26 +0700] "GET / HTTP/1.1" 404 751
0:0:0:0:0:0:0:1 - - [21/Jul/2022:14:02:26 +0700] "GET /demoServlet/WEB-INF/web.xml HTTP/1.1" 404 604
0:0:0:0:0:0:0:1 - - [21/Jul/2022:14:02:40 +0700] "GET /demoServlet/WEB-INF/web.xml HTTP/1.1" 404 604
127.0.0.1 - - [21/Jul/2022:14:03:07 +0700] "GET / HTTP/1.1" 404 751
0:0:0:0:0:0:0:1 - - [21/Jul/2022:14:03:14 +0700] "GET /demoServlet/WEB-INF/web.xml HTTP/1.1" 404 604
0:0:0:0:0:0:0:1 - - [21/Jul/2022:14:03:40 +0700] "GET /demoServlet/WEB-INF/web.xml HTTP/1.1" 404 604
0:0:0:0:0:0:0:1 - - [21/Jul/2022:14:03:54 +0700] "GET /demoServlet/demo HTTP/1.1" 200 36
0:0:0:0:0:0:0:1 - - [21/Jul/2022:14:05:27 +0700] "GET /demoServlet/WEB-INF/web.xml HTTP/1.1" 404 604
0:0:0:0:0:0:0:1 - - [21/Jul/2022:14:05:34 +0700] "GET /demoServlet/demo HTTP/1.1" 200 36
0:0:0:0:0:0:0:1 - - [21/Jul/2022:14:05:46 +0700] "GET /demoServlet/demo HTTP/1.1" 200 36
0:0:0:0:0:0:0:1 - - [21/Jul/2022:14:05:53 +0700] "GET /demoServlet/demo HTTP/1.1" 200 36
127.0.0.1 - - [21/Jul/2022:14:14:03 +0700] "GET / HTTP/1.1" 404 751
0:0:0:0:0:0:0:1 - - [21/Jul/2022:14:14:12 +0700] "GET /demoServlet/xin-chao HTTP/1.1" 404 697
127.0.0.1 - - [21/Jul/2022:14:14:40 +0700] "GET / HTTP/1.1" 404 751
0:0:0:0:0:0:0:1 - - [21/Jul/2022:14:14:40 +0700] "GET /demoServlet/xin-chao HTTP/1.1" 404 697
127.0.0.1 - - [21/Jul/2022:14:15:03 +0700] "GET / HTTP/1.1" 404 751
0:0:0:0:0:0:0:1 - - [21/Jul/2022:14:15:15 +0700] "GET /demoServlet/xin-chao HTTP/1.1" 404 697
0:0:0:0:0:0:0:1 - - [21/Jul/2022:14:16:15 +0700] "GET /demoServlet/xin-chao HTTP/1.1" 404 697
0:0:0:0:0:0:0:1 - - [21/Jul/2022:14:19:50 +0700] "GET /demoServlet/xin-chao HTTP/1.1" 404 697
0:0:0:0:0:0:0:1 - - [21/Jul/2022:14:20:04 +0700] "GET /demoServlet/hello HTTP/1.1" 404 694
127.0.0.1 - - [21/Jul/2022:14:21:43 +0700] "GET / HTTP/1.1" 404 751
127.0.0.1 - - [21/Jul/2022:14:25:02 +0700] "GET / HTTP/1.1" 404 751
0:0:0:0:0:0:0:1 - - [21/Jul/2022:14:25:08 +0700] "GET /demoServlet/xin-chao HTTP/1.1" 200 12
0:0:0:0:0:0:0:1 - - [21/Jul/2022:14:25:19 +0700] "GET /demoServlet/hello HTTP/1.1" 200 12
127.0.0.1 - - [21/Jul/2022:14:40:59 +0700] "GET / HTTP/1.1" 404 751
0:0:0:0:0:0:0:1 - - [21/Jul/2022:14:41:02 +0700] "GET /demoServlet/test-request HTTP/1.1" 200 -
127.0.0.1 - - [21/Jul/2022:14:48:52 +0700] "GET / HTTP/1.1" 404 751
0:0:0:0:0:0:0:1 - - [21/Jul/2022:14:49:00 +0700] "GET /demoServlet/test-request HTTP/1.1" 200 -
0:0:0:0:0:0:0:1 - - [21/Jul/2022:14:49:31 +0700] "GET /demoServlet/test-request HTTP/1.1" 200 -
0:0:0:0:0:0:0:1 - - [21/Jul/2022:14:51:36 +0700] "GET /demoServlet/test-request HTTP/1.1" 200 -
127.0.0.1 - - [21/Jul/2022:14:51:54 +0700] "GET / HTTP/1.1" 404 751
0:0:0:0:0:0:0:1 - - [21/Jul/2022:14:51:57 +0700] "GET /demoServlet/test-request HTTP/1.1" 200 -
127.0.0.1 - - [21/Jul/2022:14:57:08 +0700] "GET / HTTP/1.1" 404 751
0:0:0:0:0:0:0:1 - - [21/Jul/2022:14:57:09 +0700] "GET /demoServlet/test-request HTTP/1.1" 200 -
0:0:0:0:0:0:0:1 - - [21/Jul/2022:14:57:15 +0700] "GET /demoServlet/test-responseServletDemo HTTP/1.1" 500 1806
127.0.0.1 - - [21/Jul/2022:14:57:35 +0700] "GET / HTTP/1.1" 404 751
0:0:0:0:0:0:0:1 - - [21/Jul/2022:14:57:39 +0700] "GET /demoServlet/test-responseServletDemo HTTP/1.1" 500 1806
127.0.0.1 - - [21/Jul/2022:14:59:11 +0700] "GET / HTTP/1.1" 404 751
0:0:0:0:0:0:0:1 - - [21/Jul/2022:14:59:18 +0700] "GET /demoServlet/test-response HTTP/1.1" 404 702
127.0.0.1 - - [21/Jul/2022:15:00:07 +0700] "GET / HTTP/1.1" 404 751
0:0:0:0:0:0:0:1 - - [21/Jul/2022:15:00:09 +0700] "GET /demoServlet/test-response HTTP/1.1" 200 33
127.0.0.1 - - [21/Jul/2022:15:07:09 +0700] "GET / HTTP/1.1" 404 751
0:0:0:0:0:0:0:1 - - [21/Jul/2022:15:07:16 +0700] "GET /demoServlet/test-config HTTP/1.1" 404 700
127.0.0.1 - - [21/Jul/2022:15:07:40 +0700] "GET / HTTP/1.1" 404 751
0:0:0:0:0:0:0:1 - - [21/Jul/2022:15:07:42 +0700] "GET /demoServlet/test-config HTTP/1.1" 200 22
127.0.0.1 - - [21/Jul/2022:15:13:41 +0700] "GET / HTTP/1.1" 404 751
127.0.0.1 - - [21/Jul/2022:15:14:43 +0700] "GET / HTTP/1.1" 404 751
0:0:0:0:0:0:0:1 - - [21/Jul/2022:15:14:59 +0700] "GET /demoServlet/test-code HTTP/1.1" 404 604
127.0.0.1 - - [21/Jul/2022:15:15:34 +0700] "GET / HTTP/1.1" 404 751
0:0:0:0:0:0:0:1 - - [21/Jul/2022:15:15:36 +0700] "GET /demoServlet/test-code HTTP/1.1" 200 -
127.0.0.1 - - [21/Jul/2022:15:15:56 +0700] "GET / HTTP/1.1" 404 751
0:0:0:0:0:0:0:1 - - [21/Jul/2022:15:15:58 +0700] "GET /demoServlet/test-code HTTP/1.1" 401 615
127.0.0.1 - - [21/Jul/2022:15:16:26 +0700] "GET / HTTP/1.1" 404 751
0:0:0:0:0:0:0:1 - - [21/Jul/2022:15:16:30 +0700] "GET /demoServlet/test-code HTTP/1.1" 500 675
127.0.0.1 - - [21/Jul/2022:15:19:26 +0700] "GET / HTTP/1.1" 404 751
0:0:0:0:0:0:0:1 - - [21/Jul/2022:15:19:29 +0700] "GET /demoServlet/test-code HTTP/1.1" 500 675
127.0.0.1 - - [21/Jul/2022:16:10:09 +0700] "GET / HTTP/1.1" 404 751
0:0:0:0:0:0:0:1 - - [21/Jul/2022:16:10:12 +0700] "GET /demoServlet/test-getRequest HTTP/1.1" 200 21
0:0:0:0:0:0:0:1 - - [21/Jul/2022:16:10:53 +0700] "GET /demoServlet/test-getRequest?ten=Hai HTTP/1.1" 200 20
127.0.0.1 - - [21/Jul/2022:16:27:44 +0700] "GET / HTTP/1.1" 404 751
0:0:0:0:0:0:0:1 - - [21/Jul/2022:16:28:03 +0700] "GET /demoServlet/form-nguoi-dung HTTP/1.1" 200 213
0:0:0:0:0:0:0:1 - - [21/Jul/2022:16:28:30 +0700] "POST /demoServlet/ HTTP/1.1" 404 689
0:0:0:0:0:0:0:1 - - [21/Jul/2022:16:28:42 +0700] "POST /demoServlet/ HTTP/1.1" 404 689
127.0.0.1 - - [21/Jul/2022:16:29:19 +0700] "GET / HTTP/1.1" 404 751
0:0:0:0:0:0:0:1 - - [21/Jul/2022:16:29:23 +0700] "POST /demoServlet/ HTTP/1.1" 404 689
0:0:0:0:0:0:0:1 - - [21/Jul/2022:16:30:34 +0700] "GET /demoServlet/them-nguoi-dung HTTP/1.1" 405 728
127.0.0.1 - - [21/Jul/2022:16:30:55 +0700] "GET / HTTP/1.1" 404 751
0:0:0:0:0:0:0:1 - - [21/Jul/2022:16:30:59 +0700] "GET /demoServlet/them-nguoi-dung HTTP/1.1" 405 728
0:0:0:0:0:0:0:1 - - [21/Jul/2022:16:31:06 +0700] "POST /demoServlet/ HTTP/1.1" 404 689
127.0.0.1 - - [21/Jul/2022:16:32:21 +0700] "GET / HTTP/1.1" 404 751
127.0.0.1 - - [21/Jul/2022:16:32:35 +0700] "GET / HTTP/1.1" 404 751
0:0:0:0:0:0:0:1 - - [21/Jul/2022:16:32:40 +0700] "GET /demoServlet/form-nguoi-dung HTTP/1.1" 200 228
0:0:0:0:0:0:0:1 - - [21/Jul/2022:16:32:49 +0700] "POST /demoServlet/them-nguoi-dung HTTP/1.1" 200 29
127.0.0.1 - - [21/Jul/2022:16:34:45 +0700] "GET / HTTP/1.1" 404 751
0:0:0:0:0:0:0:1 - - [21/Jul/2022:16:34:48 +0700] "GET /demoServlet/form-nguoi-dung HTTP/1.1" 200 228
0:0:0:0:0:0:0:1 - - [21/Jul/2022:16:34:59 +0700] "POST /demoServlet/them-nguoi-dung HTTP/1.1" 200 37
127.0.0.1 - - [21/Jul/2022:16:36:21 +0700] "GET / HTTP/1.1" 404 751
0:0:0:0:0:0:0:1 - - [21/Jul/2022:16:36:29 +0700] "GET /demoServlet/form-nguoi-dung HTTP/1.1" 200 228
0:0:0:0:0:0:0:1 - - [21/Jul/2022:16:36:42 +0700] "POST /demoServlet/them-nguoi-dung HTTP/1.1" 200 30
127.0.0.1 - - [21/Jul/2022:16:37:13 +0700] "GET / HTTP/1.1" 404 751
0:0:0:0:0:0:0:1 - - [21/Jul/2022:16:37:17 +0700] "POST /demoServlet/them-nguoi-dung HTTP/1.1" 200 30
0:0:0:0:0:0:0:1 - - [21/Jul/2022:16:37:19 +0700] "GET /demoServlet/form-nguoi-dung HTTP/1.1" 200 227
0:0:0:0:0:0:0:1 - - [21/Jul/2022:16:37:27 +0700] "POST /demoServlet/them-nguoi-dung HTTP/1.1" 200 30
0:0:0:0:0:0:0:1 - - [21/Jul/2022:16:37:37 +0700] "POST /demoServlet/them-nguoi-dung HTTP/1.1" 200 30
0:0:0:0:0:0:0:1 - - [21/Jul/2022:16:37:39 +0700] "GET /demoServlet/form-nguoi-dung HTTP/1.1" 200 227
127.0.0.1 - - [21/Jul/2022:16:38:37 +0700] "GET / HTTP/1.1" 404 751
0:0:0:0:0:0:0:1 - - [21/Jul/2022:16:38:40 +0700] "GET /demoServlet/form-nguoi-dung HTTP/1.1" 200 229
0:0:0:0:0:0:0:1 - - [21/Jul/2022:16:38:48 +0700] "POST /demoServlet/them-nguoi-dung HTTP/1.1" 200 32
